Microchip MPLAB XC8 Compiler V2.10 ()

Linker command line:

-W-3 --edf=C:\Program Files (x86)\Microchip\xc8\v2.10\pic\dat\en_msgs.txt \
  -cs -h+dist/default/production\Anti-Rebote.X.production.sym \
  --cmf=dist/default/production\Anti-Rebote.X.production.cmf -z -Q16F887 \
  -oC:\Users\Josue\AppData\Local\Temp\sdn8.2 --defsym=__MPLAB_BUILD=1 \
  -Mdist/default/production/Anti-Rebote.X.production.map -E1 -ver=XC8 \
  --acfsm=1493 -ASTACK=0110h-016Fh -pstack=STACK -ACODE=00h-07FFhx4 \
  -ASTRCODE=00h-01FFFh -ASTRING=00h-0FFhx32 -ACONST=00h-0FFhx32 \
  -AENTRY=00h-0FFhx32 -ACOMMON=070h-07Fh -ABANK0=020h-06Fh \
  -ABANK1=0A0h-0EFh -ABANK2=0110h-016Fh -ABANK3=0190h-01EFh \
  -ARAM=020h-06Fh,0A0h-0EFh,0110h-016Fh,0190h-01EFh \
  -AABS1=020h-07Fh,0A0h-0EFh,0110h-016Fh,0190h-01EFh -ASFR0=00h-01Fh \
  -ASFR1=080h-09Fh -ASFR2=0100h-010Fh -ASFR3=0180h-018Fh \
  -preset_vec=00h,intentry,init,end_init -ppowerup=CODE -pcinit=CODE \
  -pfunctab=ENTRY -ACONFIG=02007h-02008h -pconfig=CONFIG -DCONFIG=2 \
  -AIDLOC=02000h-02003h -pidloc=IDLOC -DIDLOC=2 -AEEDATA=00h-0FFh/02100h \
  -peeprom_data=EEDATA -DEEDATA=2 -DCODE=2 -DSTRCODE=2 -DSTRING=2 -DCONST=2 \
  -DENTRY=2 -k C:\Users\Josue\AppData\Local\Temp\sdn8.o \
  dist/default/production\Anti-Rebote.X.production.o 

Object code version is 3.11

Machine type is 16F887



                Name                               Link     Load   Length Selector   Space Scale
C:\Users\Josue\AppData\Local\Temp\sdn8.o
                end_init                              0        0        3        0       0
                config                             2007     2007        2     400E       0
dist/default/production\Anti-Rebote.X.production.o
                cinit                               7D9      7D9       27      FB2       0
                text1                               5D9      5D9       19      BB2       0
                maintext                            616      616      1C3      C2C       0
                cstackBANK0                          20       20       34       20       1
                cstackCOMMON                         70       70        4       70       1
                inittext                            5C6      5C6       13      B8C       0
                dataBANK1                            A0       A0       24       A0       1
                dataBANK0                            54       54       10       20       1
                bssBANK0                             64       64        7       20       1
                bssCOMMON                            74       74        1       70       1
                idataBANK1                          5F2      5F2       24      BE4       0
                idataBANK0                          5B6      5B6       10      B6C       0

TOTAL           Name                               Link     Load   Length     Space
        CLASS   STACK          

        CLASS   CODE           
                end_init                              0        0        3         0
                cinit                               7D9      7D9       27         0
                text1                               5D9      5D9       19         0
                maintext                            616      616      1C3         0
                inittext                            5C6      5C6       13         0
                idataBANK1                          5F2      5F2       24         0
                idataBANK0                          5B6      5B6       10         0

        CLASS   STRCODE        

        CLASS   STRING         

        CLASS   CONST          

        CLASS   ENTRY          

        CLASS   COMMON         
                cstackCOMMON                         70       70        4         1
                bssCOMMON                            74       74        1         1

        CLASS   BANK0          
                cstackBANK0                          20       20       34         1
                dataBANK0                            54       54       10         1
                bssBANK0                             64       64        7         1

        CLASS   BANK1          
                dataBANK1                            A0       A0       24         1

        CLASS   BANK2          

        CLASS   BANK3          

        CLASS   RAM            

        CLASS   ABS1           
                abs_s1                               7E       7E        2         1

        CLASS   SFR0           

        CLASS   SFR1           

        CLASS   SFR2           

        CLASS   SFR3           

        CLASS   CONFIG         
                config                             2007     2007        2         0

        CLASS   IDLOC          

        CLASS   EEDATA         



SEGMENTS        Name                           Load    Length   Top    Selector   Space  Class     Delta

                reset_vec                      000000  000003  000003         0       0  CODE        2
                cstackBANK0                    000020  00004B  00006B        20       1  BANK0       1
                cstackCOMMON                   000070  000005  000075        70       1  COMMON      1
                dataBANK1                      0000A0  000024  0000C4        A0       1  BANK1       1
                idataBANK0                     0005B6  000010  0005C6       B6C       0  CODE        2
                inittext                       0005C6  000013  0005D9       B8C       0  CODE        2
                text1                          0005D9  000019  0005F2       BB2       0  CODE        2
                idataBANK1                     0005F2  000024  000616       BE4       0  CODE        2
                maintext                       000616  0001C3  0007D9       C2C       0  CODE        2
                cinit                          0007D9  000027  000800       FB2       0  CODE        2
                config                         002007  000002  002009      400E       0  CONFIG      2


UNUSED ADDRESS RANGES

        Name                Unused          Largest block    Delta
        BANK0            006B-006F              5           1
        BANK1            00C4-00EF             2C           1
        BANK2            0110-016F             60           1
        BANK3            0190-01EF             60           1
        CODE             0003-05B5            5B3           2
                         0800-1FFF            800
        COMMON           0075-007D              9           1
        CONST            0003-05B5            100           2
                         0800-1FFF            100
        EEDATA           2100-21FF            100           2
        ENTRY            0003-05B5            100           2
                         0800-1FFF            100
        IDLOC            2000-2003              4           2
        RAM              006B-006F              5           1
                         00C4-00EF             2C
                         0110-016F             60
                         0190-01EF             60
        SFR0             0000-001F             20           1
        SFR1             0080-009F             20           1
        SFR2             0100-010F             10           1
        SFR3             0180-018F             10           1
        STACK            0110-016F             60           1
        STRCODE          0003-05B5            5B3           2
                         0800-1FFF           1800
        STRING           0003-05B5            100           2
                         0800-1FFF            100

                                  Symbol Table

_ANSEL                   (abs)        0188
_ANSELH                  (abs)        0189
_ESTADO                  bssBANK0     006A
_ESTADO2                 bssBANK0     0069
_ESTADO3                 bssBANK0     0068
_PORTA                   (abs)        0005
_PORTAbits               (abs)        0005
_PORTB                   (abs)        0006
_PORTBbits               (abs)        0006
_PORTC                   (abs)        0007
_PORTCbits               (abs)        0007
_PORTD                   (abs)        0008
_PORTDbits               (abs)        0008
_PORTE                   (abs)        0009
_PORTEbits               (abs)        0009
_TRISAbits               (abs)        0085
_TRISB                   (abs)        0086
_TRISC                   (abs)        0087
_TRISD                   (abs)        0088
_TRISEbits               (abs)        0089
__CFG_BOR4V$BOR40V       (abs)        0000
__CFG_BOREN$OFF          (abs)        0000
__CFG_CP$OFF             (abs)        0000
__CFG_CPD$OFF            (abs)        0000
__CFG_FCMEN$OFF          (abs)        0000
__CFG_FOSC$INTRC_CLKOUT  (abs)        0000
__CFG_IESO$OFF           (abs)        0000
__CFG_LVP$OFF            (abs)        0000
__CFG_MCLRE$ON           (abs)        0000
__CFG_PWRTE$OFF          (abs)        0000
__CFG_WDTE$OFF           (abs)        0000
__CFG_WRT$OFF            (abs)        0000
__Habs1                  abs1         0000
__Hbank0                 bank0        0000
__Hbank1                 bank1        0000
__Hbank2                 bank2        0000
__Hbank3                 bank3        0000
__HbssBANK0              bssBANK0     0000
__HbssCOMMON             bssCOMMON    0000
__Hcinit                 cinit        0800
__Hclrtext               clrtext      0000
__Hcode                  code         0000
__Hcommon                common       0000
__Hconfig                config       2009
__HcstackBANK0           cstackBANK0  0000
__HcstackCOMMON          cstackCOMMON 0000
__HdataBANK0             dataBANK0    0000
__HdataBANK1             dataBANK1    0000
__Heeprom_data           eeprom_data  0000
__Hend_init              end_init     0003
__Hfunctab               functab      0000
__HidataBANK0            idataBANK0   0000
__HidataBANK1            idataBANK1   0000
__Hidloc                 idloc        0000
__Hinit                  init         0000
__Hinittext              inittext     0000
__Hintentry              intentry     0000
__Hmaintext              maintext     0000
__Hpowerup               powerup      0000
__Hram                   ram          0000
__Hreset_vec             reset_vec    0000
__Hsfr0                  sfr0         0000
__Hsfr1                  sfr1         0000
__Hsfr2                  sfr2         0000
__Hsfr3                  sfr3         0000
__Hspace_0               (abs)        2009
__Hspace_1               (abs)        00C4
__Hspace_2               (abs)        0000
__Hspace_3               (abs)        0000
__Hstack                 stack        0000
__Hstrings               strings      0000
__Htext                  text         0000
__Labs1                  abs1         0000
__Lbank0                 bank0        0000
__Lbank1                 bank1        0000
__Lbank2                 bank2        0000
__Lbank3                 bank3        0000
__LbssBANK0              bssBANK0     0000
__LbssCOMMON             bssCOMMON    0000
__Lcinit                 cinit        07D9
__Lclrtext               clrtext      0000
__Lcode                  code         0000
__Lcommon                common       0000
__Lconfig                config       2007
__LcstackBANK0           cstackBANK0  0000
__LcstackCOMMON          cstackCOMMON 0000
__LdataBANK0             dataBANK0    0000
__LdataBANK1             dataBANK1    0000
__Leeprom_data           eeprom_data  0000
__Lend_init              end_init     0000
__Lfunctab               functab      0000
__LidataBANK0            idataBANK0   0000
__LidataBANK1            idataBANK1   0000
__Lidloc                 idloc        0000
__Linit                  init         0000
__Linittext              inittext     0000
__Lintentry              intentry     0000
__Lmaintext              maintext     0000
__Lpowerup               powerup      0000
__Lram                   ram          0000
__Lreset_vec             reset_vec    0000
__Lsfr0                  sfr0         0000
__Lsfr1                  sfr1         0000
__Lsfr2                  sfr2         0000
__Lsfr3                  sfr3         0000
__Lspace_0               (abs)        0000
__Lspace_1               (abs)        0000
__Lspace_2               (abs)        0000
__Lspace_3               (abs)        0000
__Lstack                 stack        0000
__Lstrings               strings      0000
__Ltext                  text         0000
__S0                     (abs)        2009
__S1                     (abs)        00C4
__S2                     (abs)        0000
__S3                     (abs)        0000
___int_sp                stack        0000
___latbits               (abs)        0002
___sp                    stack        0000
___stackhi               (abs)        0000
___stacklo               (abs)        0000
__end_of__initialization cinit        07FC
__end_of_config          text1        05F2
__end_of_main            maintext     07D9
__initialization         cinit        07D9
__pbssBANK0              bssBANK0     0064
__pbssCOMMON             bssCOMMON    0074
__pcstackBANK0           cstackBANK0  0020
__pcstackCOMMON          cstackCOMMON 0070
__pdataBANK0             dataBANK0    0054
__pdataBANK1             dataBANK1    00A0
__pidataBANK0            idataBANK0   05B6
__pidataBANK1            idataBANK1   05F2
__pmaintext              maintext     0616
__ptext1                 text1        05D9
__size_of_config         (abs)        0000
__size_of_main           (abs)        0000
_config                  text1        05D9
_count                   bssBANK0     0066
_count2                  bssBANK0     0064
_main                    maintext     0616
btemp                    (abs)        007E
end_of_initialization    cinit        07FC
init_fetch0              inittext     05C6
init_ram0                inittext     05CA
intlevel0                functab      0000
intlevel1                functab      0000
intlevel2                functab      0000
intlevel3                functab      0000
intlevel4                functab      0000
intlevel5                functab      0000
main@F1272               dataBANK1    00A0
main@F1274               dataBANK0    0054
main@F1276               dataBANK1    00B4
main@TABLA7SEG           cstackBANK0  0040
main@jugador_dos         cstackBANK0  0030
main@jugador_uno         cstackBANK0  0020
reset_vec                reset_vec    0000
start                    init         0000
start_initialization     cinit        07D9
wtemp0                   (abs)        007E


FUNCTION INFORMATION:

 *************** function _main *****************
 Defined at:
		line 40 in file "Anti-Rebote.c"
 Parameters:    Size  Location     Type
		None
 Auto vars:     Size  Location     Type
  TABLA7SEG      20   32[BANK0 ] unsigned int [10]
  jugador_dos    16   16[BANK0 ] unsigned int [8]
  jugador_uno    16    0[BANK0 ] unsigned int [8]
 Return value:  Size  Location     Type
                  1    wreg      void 
 Registers used:
		wreg, fsr0l, fsr0h, status,2, status,0, pclath, cstack
 Tracked objects:
		On entry : 
		On exit  : 
		Unchanged: 
 Data sizes:     COMMON   BANK0   BANK1   BANK3   BANK2
      Params:         0       0       0       0       0
      Locals:         0      52       0       0       0
      Temps:          4       0       0       0       0
      Totals:         4      52       0       0       0
Total ram usage:       56 bytes
 Hardware stack levels required when called:    1
 This function calls:
		_config
 This function is called by:
		Startup code after reset
 This function uses a non-reentrant model


 *************** function _config *****************
 Defined at:
		line 188 in file "Anti-Rebote.c"
 Parameters:    Size  Location     Type
		None
 Auto vars:     Size  Location     Type
		None
 Return value:  Size  Location     Type
                  1    wreg      void 
 Registers used:
		status,2
 Tracked objects:
		On entry : 
		On exit  : 
		Unchanged: 
 Data sizes:     COMMON   BANK0   BANK1   BANK3   BANK2
      Params:         0       0       0       0       0
      Locals:         0       0       0       0       0
      Temps:          0       0       0       0       0
      Totals:         0       0       0       0       0
Total ram usage:        0 bytes
 Hardware stack levels used:    1
 This function calls:
		Nothing
 This function is called by:
		_main
 This function uses a non-reentrant model



MODULE INFORMATION

Module		Function		Class		Link	Load	Size
Anti-Rebote.c
		_main          		CODE           	0616	0000	452
		_config        		CODE           	05D9	0000	26

Anti-Rebote.c estimated size: 478

shared
		__initialization		CODE           	07D9	0000	36

shared estimated size: 36

